2025-12-02 21:43:50,252 [INFO] aiogram.dispatcher: Start polling
2025-12-02 21:43:59,972 [INFO] root: Sync with 3x-ui: updated=0, deleted=0
2025-12-02 21:44:00,100 [INFO] aiogram.dispatcher: Run polling for bot @StormyVPN_bot id=7699898778 - 'StormyVPN⚡️'
2025-12-02 21:44:48,830 [INFO] aiogram.event: Update id=21246505 is handled. Duration 66 ms by bot id=7699898778
2025-12-02 21:44:50,534 [INFO] aiogram.event: Update id=21246506 is handled. Duration 130 ms by bot id=7699898778
2025-12-02 21:45:09,179 [INFO] aiogram.event: Update id=21246507 is handled. Duration 161 ms by bot id=7699898778
2025-12-02 21:45:12,204 [INFO] aiogram.event: Update id=21246508 is handled. Duration 64 ms by bot id=7699898778
2025-12-02 21:45:18,436 [INFO] aiogram.event: Update id=21246509 is handled. Duration 409 ms by bot id=7699898778
2025-12-02 21:48:04,925 [WARNING] aiogram.dispatcher: Received SIGINT signal
2025-12-02 21:48:04,927 [INFO] aiogram.dispatcher: Polling stopped for bot @StormyVPN_bot id=7699898778 - 'StormyVPN⚡️'
2025-12-02 21:48:04,927 [INFO] aiogram.dispatcher: Polling stopped
2025-12-02 21:51:06,025 [INFO] aiogram.dispatcher: Start polling
2025-12-02 21:51:16,667 [INFO] root: Sync with 3x-ui: updated=1, deleted=0
2025-12-02 21:51:16,895 [INFO] aiogram.dispatcher: Run polling for bot @StormyVPN_bot id=7699898778 - 'StormyVPN⚡️'
2025-12-02 21:51:39,393 [INFO] aiogram.event: Update id=21246510 is handled. Duration 274 ms by bot id=7699898778
2025-12-02 21:51:47,316 [INFO] aiogram.event: Update id=21246511 is handled. Duration 86 ms by bot id=7699898778
2025-12-02 21:57:56,685 [WARNING] aiogram.dispatcher: Received SIGINT signal
2025-12-02 21:57:56,686 [INFO] aiogram.dispatcher: Polling stopped for bot @StormyVPN_bot id=7699898778 - 'StormyVPN⚡️'
2025-12-02 21:57:56,687 [INFO] aiogram.dispatcher: Polling stopped
2025-12-02 21:58:02,959 [INFO] aiogram.dispatcher: Start polling
2025-12-02 21:58:13,480 [INFO] root: Sync with 3x-ui: updated=0, deleted=0
2025-12-02 21:58:13,704 [INFO] aiogram.dispatcher: Run polling for bot @StormyVPN_bot id=7699898778 - 'StormyVPN⚡️'
2025-12-02 21:58:20,503 [INFO] aiogram.event: Update id=21246512 is handled. Duration 80 ms by bot id=7699898778
2025-12-02 21:58:28,710 [INFO] aiogram.event: Update id=21246513 is handled. Duration 60 ms by bot id=7699898778
2025-12-02 22:00:16,707 [INFO] aiogram.event: Update id=21246514 is handled. Duration 66 ms by bot id=7699898778
2025-12-02 22:02:34,557 [INFO] aiogram.event: Update id=21246515 is handled. Duration 3583 ms by bot id=7699898778
2025-12-02 22:28:22,928 [INFO] root: Sync with 3x-ui: updated=0, deleted=0
2025-12-02 22:35:37,618 [ERROR] aiogram.dispatcher: Failed to fetch updates - TelegramNetworkError: HTTP Client says - Request timeout error
2025-12-02 22:35:37,619 [WARNING] aiogram.dispatcher: Sleep for 1.000000 seconds and try again... (tryings = 0, bot id = 7699898778)
2025-12-02 22:35:48,731 [INFO] aiogram.dispatcher: Connection established (tryings = 1, bot id = 7699898778)
2025-12-02 22:58:32,361 [INFO] root: Sync with 3x-ui: updated=0, deleted=0
2025-12-02 23:28:42,441 [INFO] root: Sync with 3x-ui: updated=0, deleted=0
2025-12-02 23:58:52,761 [INFO] root: Sync with 3x-ui: updated=0, deleted=0
2025-12-03 00:29:01,920 [INFO] root: Sync with 3x-ui: updated=0, deleted=0
2025-12-03 00:59:11,655 [INFO] root: Sync with 3x-ui: updated=0, deleted=0
2025-12-03 01:29:21,812 [INFO] root: Sync with 3x-ui: updated=0, deleted=0
2025-12-03 01:59:32,862 [INFO] root: Sync with 3x-ui: updated=0, deleted=0
2025-12-03 02:29:43,807 [INFO] root: Sync with 3x-ui: updated=0, deleted=0
2025-12-03 02:59:53,316 [INFO] root: Sync with 3x-ui: updated=0, deleted=0
2025-12-03 03:30:02,760 [INFO] root: Sync with 3x-ui: updated=0, deleted=0
2025-12-03 04:00:10,967 [INFO] root: Sync with 3x-ui: updated=0, deleted=0
2025-12-03 04:30:20,628 [INFO] root: Sync with 3x-ui: updated=0, deleted=0
2025-12-03 05:00:29,166 [INFO] root: Sync with 3x-ui: updated=0, deleted=0
2025-12-03 05:30:39,688 [INFO] root: Sync with 3x-ui: updated=0, deleted=0
2025-12-03 06:00:48,334 [INFO] root: Sync with 3x-ui: updated=0, deleted=0
2025-12-03 06:30:56,689 [INFO] root: Sync with 3x-ui: updated=0, deleted=0
2025-12-03 07:01:06,177 [INFO] root: Sync with 3x-ui: updated=0, deleted=0
2025-12-03 07:31:14,572 [INFO] root: Sync with 3x-ui: updated=0, deleted=0
2025-12-03 08:01:22,914 [INFO] root: Sync with 3x-ui: updated=0, deleted=0
2025-12-03 08:31:31,376 [INFO] root: Sync with 3x-ui: updated=0, deleted=0
2025-12-03 09:01:40,148 [INFO] root: Sync with 3x-ui: updated=0, deleted=0
2025-12-03 09:31:49,118 [INFO] root: Sync with 3x-ui: updated=0, deleted=0
2025-12-03 10:01:57,616 [INFO] root: Sync with 3x-ui: updated=0, deleted=0
2025-12-03 10:32:05,708 [INFO] root: Sync with 3x-ui: updated=0, deleted=0
2025-12-03 10:49:13,958 [INFO] aiogram.event: Update id=21246516 is handled. Duration 153 ms by bot id=7699898778
2025-12-03 10:49:20,109 [INFO] aiogram.event: Update id=21246517 is handled. Duration 72 ms by bot id=7699898778
2025-12-03 10:49:30,484 [INFO] aiogram.event: Update id=21246518 is handled. Duration 72 ms by bot id=7699898778
2025-12-03 11:02:14,099 [INFO] root: Sync with 3x-ui: updated=0, deleted=0
2025-12-03 11:32:22,756 [INFO] root: Sync with 3x-ui: updated=0, deleted=0
2025-12-03 12:02:32,024 [INFO] root: Sync with 3x-ui: updated=0, deleted=0
2025-12-03 12:32:42,694 [INFO] root: Sync with 3x-ui: updated=0, deleted=0
2025-12-03 13:02:51,838 [INFO] root: Sync with 3x-ui: updated=0, deleted=0
2025-12-03 13:26:03,237 [INFO] aiogram.event: Update id=21246519 is handled. Duration 278 ms by bot id=7699898778
2025-12-03 13:26:10,016 [INFO] aiogram.event: Update id=21246520 is handled. Duration 129 ms by bot id=7699898778
2025-12-03 13:28:46,220 [WARNING] aiogram.dispatcher: Received SIGINT signal
2025-12-03 13:28:46,222 [INFO] aiogram.dispatcher: Polling stopped for bot @StormyVPN_bot id=7699898778 - 'StormyVPN⚡️'
2025-12-03 13:28:46,222 [INFO] aiogram.dispatcher: Polling stopped
2025-12-03 13:29:04,342 [INFO] aiogram.dispatcher: Start polling
2025-12-03 13:29:14,057 [INFO] root: Sync with 3x-ui: updated=0, deleted=0
2025-12-03 13:29:14,193 [INFO] aiogram.dispatcher: Run polling for bot @StormyVPN_bot id=7699898778 - 'StormyVPN⚡️'
2025-12-03 13:30:37,411 [INFO] aiogram.event: Update id=21246521 is handled. Duration 111 ms by bot id=7699898778
2025-12-03 13:36:11,967 [INFO] aiogram.event: Update id=21246522 is handled. Duration 64 ms by bot id=7699898778
2025-12-03 13:36:21,411 [INFO] aiogram.event: Update id=21246523 is handled. Duration 84 ms by bot id=7699898778
2025-12-03 13:36:46,879 [INFO] aiogram.event: Update id=21246524 is handled. Duration 458 ms by bot id=7699898778
2025-12-03 13:37:22,459 [INFO] aiogram.event: Update id=21246525 is handled. Duration 156 ms by bot id=7699898778
2025-12-03 13:59:23,569 [INFO] root: Sync with 3x-ui: updated=0, deleted=0
2025-12-03 14:29:33,684 [INFO] root: Sync with 3x-ui: updated=0, deleted=0
2025-12-03 14:34:19,804 [INFO] aiogram.event: Update id=21246526 is handled. Duration 150 ms by bot id=7699898778
2025-12-03 14:34:33,357 [INFO] aiogram.event: Update id=21246527 is handled. Duration 400 ms by bot id=7699898778
2025-12-03 14:37:11,107 [INFO] aiogram.event: Update id=21246528 is handled. Duration 103 ms by bot id=7699898778
2025-12-03 14:59:42,672 [INFO] root: Sync with 3x-ui: updated=0, deleted=0
2025-12-03 15:29:51,668 [INFO] root: Sync with 3x-ui: updated=0, deleted=0
2025-12-03 16:00:00,531 [INFO] root: Sync with 3x-ui: updated=0, deleted=0
2025-12-03 16:30:11,195 [INFO] root: Sync with 3x-ui: updated=0, deleted=0
2025-12-03 17:00:20,442 [INFO] root: Sync with 3x-ui: updated=0, deleted=0
2025-12-03 17:30:30,162 [INFO] root: Sync with 3x-ui: updated=0, deleted=0
2025-12-03 18:00:40,342 [INFO] root: Sync with 3x-ui: updated=0, deleted=0
2025-12-03 18:30:50,270 [INFO] root: Sync with 3x-ui: updated=0, deleted=0
2025-12-03 19:01:01,007 [INFO] root: Sync with 3x-ui: updated=0, deleted=0
2025-12-03 19:31:11,405 [INFO] root: Sync with 3x-ui: updated=0, deleted=0
2025-12-03 20:01:21,644 [INFO] root: Sync with 3x-ui: updated=0, deleted=0
2025-12-03 20:31:32,866 [INFO] root: Sync with 3x-ui: updated=0, deleted=0
2025-12-03 21:01:43,477 [INFO] root: Sync with 3x-ui: updated=0, deleted=0
2025-12-03 21:31:52,300 [INFO] root: Sync with 3x-ui: updated=0, deleted=0
2025-12-03 22:02:01,722 [INFO] root: Sync with 3x-ui: updated=0, deleted=0
2025-12-03 22:32:10,525 [INFO] root: Sync with 3x-ui: updated=0, deleted=0
2025-12-03 23:02:19,586 [INFO] root: Sync with 3x-ui: updated=0, deleted=0
2025-12-03 23:32:28,429 [INFO] root: Sync with 3x-ui: updated=0, deleted=0
2025-12-04 00:02:36,965 [INFO] root: Sync with 3x-ui: updated=0, deleted=0
2025-12-04 00:32:45,215 [INFO] root: Sync with 3x-ui: updated=0, deleted=0
2025-12-04 01:02:53,540 [INFO] root: Sync with 3x-ui: updated=0, deleted=0
2025-12-04 01:33:02,128 [INFO] root: Sync with 3x-ui: updated=0, deleted=0
2025-12-04 02:03:11,152 [INFO] root: Sync with 3x-ui: updated=0, deleted=0
2025-12-04 02:33:20,846 [INFO] root: Sync with 3x-ui: updated=0, deleted=0
2025-12-04 03:03:30,569 [INFO] root: Sync with 3x-ui: updated=0, deleted=0
2025-12-04 03:33:40,330 [INFO] root: Sync with 3x-ui: updated=0, deleted=0
2025-12-04 04:03:49,985 [INFO] root: Sync with 3x-ui: updated=0, deleted=0
2025-12-04 04:33:59,064 [INFO] root: Sync with 3x-ui: updated=0, deleted=0
2025-12-04 05:04:07,434 [INFO] root: Sync with 3x-ui: updated=0, deleted=0
2025-12-04 05:34:15,611 [INFO] root: Sync with 3x-ui: updated=0, deleted=0
2025-12-04 06:04:24,939 [INFO] root: Sync with 3x-ui: updated=0, deleted=0
2025-12-04 06:34:33,945 [INFO] root: Sync with 3x-ui: updated=0, deleted=0
2025-12-04 07:04:43,196 [INFO] root: Sync with 3x-ui: updated=0, deleted=0
2025-12-04 07:34:51,741 [INFO] root: Sync with 3x-ui: updated=0, deleted=0
2025-12-04 08:05:00,384 [INFO] root: Sync with 3x-ui: updated=0, deleted=0
2025-12-04 08:35:09,310 [INFO] root: Sync with 3x-ui: updated=0, deleted=0
2025-12-04 09:05:18,150 [INFO] root: Sync with 3x-ui: updated=0, deleted=0
2025-12-04 09:11:40,157 [INFO] aiogram.event: Update id=21246529 is handled. Duration 348 ms by bot id=7699898778
2025-12-04 09:11:55,319 [INFO] aiogram.event: Update id=21246530 is handled. Duration 66 ms by bot id=7699898778
2025-12-04 09:12:00,306 [INFO] aiogram.event: Update id=21246531 is handled. Duration 70 ms by bot id=7699898778
2025-12-04 09:12:02,411 [INFO] aiogram.event: Update id=21246532 is handled. Duration 71 ms by bot id=7699898778
2025-12-04 09:12:07,530 [INFO] aiogram.event: Update id=21246533 is handled. Duration 69 ms by bot id=7699898778
2025-12-04 09:13:04,869 [INFO] aiogram.event: Update id=21246534 is handled. Duration 371 ms by bot id=7699898778
2025-12-04 09:13:16,398 [INFO] aiogram.event: Update id=21246535 is handled. Duration 77 ms by bot id=7699898778
2025-12-04 09:13:23,005 [INFO] aiogram.event: Update id=21246536 is handled. Duration 65 ms by bot id=7699898778
2025-12-04 09:13:33,951 [INFO] aiogram.event: Update id=21246537 is handled. Duration 399 ms by bot id=7699898778
2025-12-04 09:18:42,498 [INFO] aiogram.event: Update id=21246538 is handled. Duration 276 ms by bot id=7699898778
2025-12-04 09:25:42,209 [INFO] aiogram.event: Update id=21246539 is handled. Duration 279 ms by bot id=7699898778
2025-12-04 09:31:55,153 [INFO] aiogram.event: Update id=21246540 is handled. Duration 375 ms by bot id=7699898778
2025-12-04 09:35:28,567 [INFO] root: Sync with 3x-ui: updated=0, deleted=0
2025-12-04 10:02:50,231 [INFO] aiogram.event: Update id=21246541 is handled. Duration 1255 ms by bot id=7699898778
2025-12-04 10:05:39,222 [INFO] root: Sync with 3x-ui: updated=0, deleted=0
2025-12-04 10:35:49,726 [INFO] root: Sync with 3x-ui: updated=0, deleted=0
2025-12-04 11:05:58,251 [INFO] root: Sync with 3x-ui: updated=0, deleted=0
2025-12-04 11:36:07,030 [INFO] root: Sync with 3x-ui: updated=0, deleted=0
2025-12-04 12:06:16,659 [INFO] root: Sync with 3x-ui: updated=0, deleted=0
2025-12-04 12:36:27,064 [INFO] root: Sync with 3x-ui: updated=0, deleted=0
2025-12-04 12:40:24,650 [INFO] aiogram.event: Update id=21246542 is handled. Duration 345 ms by bot id=7699898778
2025-12-04 12:40:28,510 [INFO] aiogram.event: Update id=21246543 is handled. Duration 101 ms by bot id=7699898778
2025-12-04 12:40:39,635 [INFO] aiogram.event: Update id=21246544 is handled. Duration 359 ms by bot id=7699898778
2025-12-04 12:40:47,017 [INFO] aiogram.event: Update id=21246545 is handled. Duration 82 ms by bot id=7699898778
2025-12-04 12:40:51,871 [INFO] aiogram.event: Update id=21246546 is handled. Duration 862 ms by bot id=7699898778
2025-12-04 12:41:37,380 [INFO] aiogram.event: Update id=21246547 is handled. Duration 172 ms by bot id=7699898778
2025-12-04 13:06:36,342 [INFO] root: Sync with 3x-ui: updated=0, deleted=0
2025-12-04 13:36:46,667 [INFO] root: Sync with 3x-ui: updated=0, deleted=0
2025-12-04 14:06:56,093 [INFO] root: Sync with 3x-ui: updated=0, deleted=0
2025-12-04 14:37:07,122 [INFO] root: Sync with 3x-ui: updated=0, deleted=0
2025-12-04 14:50:00,621 [ERROR] aiogram.dispatcher: Failed to fetch updates - TelegramNetworkError: HTTP Client says - Request timeout error
2025-12-04 14:50:00,622 [WARNING] aiogram.dispatcher: Sleep for 1.000000 seconds and try again... (tryings = 0, bot id = 7699898778)
2025-12-04 14:50:11,980 [INFO] aiogram.dispatcher: Connection established (tryings = 1, bot id = 7699898778)
2025-12-04 15:07:16,287 [INFO] root: Sync with 3x-ui: updated=0, deleted=0
2025-12-04 15:25:21,266 [INFO] aiogram.event: Update id=21246548 is handled. Duration 299 ms by bot id=7699898778
2025-12-04 15:25:24,837 [INFO] aiogram.event: Update id=21246549 is handled. Duration 66 ms by bot id=7699898778
2025-12-04 15:26:01,282 [INFO] aiogram.event: Update id=21246550 is handled. Duration 600 ms by bot id=7699898778
2025-12-04 15:26:47,707 [INFO] aiogram.event: Update id=21246551 is handled. Duration 1391 ms by bot id=7699898778
2025-12-04 15:28:53,573 [INFO] aiogram.event: Update id=21246552 is handled. Duration 1019 ms by bot id=7699898778
2025-12-04 15:37:26,789 [INFO] root: Sync with 3x-ui: updated=0, deleted=0
2025-12-04 16:07:38,551 [INFO] root: Sync with 3x-ui: updated=0, deleted=0
2025-12-04 16:37:48,474 [INFO] root: Sync with 3x-ui: updated=0, deleted=0
2025-12-04 17:07:59,419 [INFO] root: Sync with 3x-ui: updated=0, deleted=0
2025-12-04 17:38:09,450 [INFO] root: Sync with 3x-ui: updated=0, deleted=0
2025-12-04 18:08:19,064 [INFO] root: Sync with 3x-ui: updated=0, deleted=0
2025-12-04 18:38:29,665 [INFO] root: Sync with 3x-ui: updated=0, deleted=0
2025-12-04 18:40:39,833 [INFO] aiogram.event: Update id=21246553 is handled. Duration 83 ms by bot id=7699898778
2025-12-04 18:40:44,042 [INFO] aiogram.event: Update id=21246554 is handled. Duration 1749 ms by bot id=7699898778
2025-12-04 18:42:08,712 [INFO] aiogram.event: Update id=21246555 is not handled. Duration 19 ms by bot id=7699898778
2025-12-04 18:42:42,371 [INFO] aiogram.event: Update id=21246556 is handled. Duration 96 ms by bot id=7699898778
2025-12-04 18:42:55,031 [INFO] aiogram.event: Update id=21246557 is handled. Duration 149 ms by bot id=7699898778
2025-12-04 18:42:57,991 [INFO] aiogram.event: Update id=21246558 is handled. Duration 1081 ms by bot id=7699898778
2025-12-04 19:08:42,989 [INFO] root: Sync with 3x-ui: updated=0, deleted=0
2025-12-04 19:38:54,188 [INFO] root: Sync with 3x-ui: updated=0, deleted=0
2025-12-04 20:09:03,142 [INFO] root: Sync with 3x-ui: updated=0, deleted=0
2025-12-04 20:39:12,134 [INFO] root: Sync with 3x-ui: updated=0, deleted=0
2025-12-04 21:09:21,585 [INFO] root: Sync with 3x-ui: updated=0, deleted=0
2025-12-04 21:39:31,226 [INFO] root: Sync with 3x-ui: updated=0, deleted=0
2025-12-04 22:09:42,533 [INFO] root: Sync with 3x-ui: updated=0, deleted=0
2025-12-04 22:39:52,812 [INFO] root: Sync with 3x-ui: updated=0, deleted=0
2025-12-04 23:10:03,129 [INFO] root: Sync with 3x-ui: updated=0, deleted=0
2025-12-04 23:40:11,265 [INFO] root: Sync with 3x-ui: updated=0, deleted=0
2025-12-05 00:10:20,168 [INFO] root: Sync with 3x-ui: updated=0, deleted=0
2025-12-05 00:40:29,812 [INFO] root: Sync with 3x-ui: updated=0, deleted=0
2025-12-05 01:10:41,110 [INFO] root: Sync with 3x-ui: updated=0, deleted=0
2025-12-05 01:10:51,192 [ERROR] aiogram.dispatcher: Failed to fetch updates - TelegramRetryAfter: Telegram server says - Flood control exceeded on method 'GetUpdates'. Retry in 5 seconds.
Original description: Too Many Requests: retry after 5
(background on this error at: https://core.telegram.org/bots/faq#my-bot-is-hitting-limits-how-do-i-avoid-this)
2025-12-05 01:10:51,192 [WARNING] aiogram.dispatcher: Sleep for 1.000000 seconds and try again... (tryings = 0, bot id = 7699898778)
2025-12-05 01:10:55,553 [ERROR] aiogram.dispatcher: Failed to fetch updates - TelegramServerError: Telegram server says - Bad Gateway
2025-12-05 01:10:55,554 [WARNING] aiogram.dispatcher: Sleep for 1.315320 seconds and try again... (tryings = 1, bot id = 7699898778)
2025-12-05 01:11:19,280 [INFO] aiogram.dispatcher: Connection established (tryings = 2, bot id = 7699898778)
2025-12-05 01:40:49,750 [INFO] root: Sync with 3x-ui: updated=0, deleted=0
2025-12-05 02:10:59,938 [INFO] root: Sync with 3x-ui: updated=0, deleted=0
2025-12-05 02:41:10,664 [INFO] root: Sync with 3x-ui: updated=0, deleted=0
2025-12-05 03:11:19,220 [INFO] root: Sync with 3x-ui: updated=0, deleted=0
2025-12-05 03:41:28,341 [INFO] root: Sync with 3x-ui: updated=0, deleted=0
2025-12-05 04:11:36,932 [INFO] root: Sync with 3x-ui: updated=0, deleted=0
2025-12-05 04:41:45,724 [INFO] root: Sync with 3x-ui: updated=0, deleted=0
2025-12-05 05:11:54,866 [INFO] root: Sync with 3x-ui: updated=0, deleted=0
2025-12-05 05:42:02,899 [INFO] root: Sync with 3x-ui: updated=0, deleted=0
2025-12-05 06:12:10,837 [INFO] root: Sync with 3x-ui: updated=0, deleted=0
2025-12-05 06:39:52,950 [INFO] aiogram.event: Update id=21246559 is handled. Duration 163 ms by bot id=7699898778
2025-12-05 06:42:18,828 [INFO] root: Sync with 3x-ui: updated=0, deleted=0
2025-12-05 07:12:26,874 [INFO] root: Sync with 3x-ui: updated=0, deleted=0
2025-12-05 07:42:35,579 [INFO] root: Sync with 3x-ui: updated=0, deleted=0
2025-12-05 08:12:43,763 [INFO] root: Sync with 3x-ui: updated=0, deleted=0
2025-12-05 08:42:51,968 [INFO] root: Sync with 3x-ui: updated=0, deleted=0
2025-12-05 09:13:00,368 [INFO] root: Sync with 3x-ui: updated=0, deleted=0
2025-12-05 09:43:09,031 [INFO] root: Sync with 3x-ui: updated=0, deleted=0
2025-12-05 10:13:17,761 [INFO] root: Sync with 3x-ui: updated=0, deleted=0
2025-12-05 10:43:25,965 [INFO] root: Sync with 3x-ui: updated=0, deleted=0
2025-12-05 11:13:34,472 [INFO] root: Sync with 3x-ui: updated=0, deleted=0
2025-12-05 11:43:43,588 [INFO] root: Sync with 3x-ui: updated=0, deleted=0
2025-12-05 12:13:52,887 [INFO] root: Sync with 3x-ui: updated=0, deleted=0
2025-12-05 12:44:03,077 [INFO] root: Sync with 3x-ui: updated=0, deleted=0
2025-12-05 13:14:13,212 [INFO] root: Sync with 3x-ui: updated=0, deleted=0
2025-12-05 13:44:22,567 [INFO] root: Sync with 3x-ui: updated=0, deleted=0
2025-12-05 14:14:33,137 [INFO] root: Sync with 3x-ui: updated=0, deleted=0
2025-12-05 14:44:43,576 [INFO] root: Sync with 3x-ui: updated=0, deleted=0
2025-12-05 15:11:22,426 [INFO] aiogram.event: Update id=21246560 is handled. Duration 180 ms by bot id=7699898778
2025-12-05 15:14:52,486 [INFO] root: Sync with 3x-ui: updated=0, deleted=0
2025-12-05 15:45:02,350 [INFO] root: Sync with 3x-ui: updated=0, deleted=0
2025-12-05 16:15:13,647 [INFO] root: Sync with 3x-ui: updated=0, deleted=0
2025-12-05 16:45:23,734 [INFO] root: Sync with 3x-ui: updated=0, deleted=0
2025-12-05 17:15:34,276 [INFO] root: Sync with 3x-ui: updated=0, deleted=0
2025-12-05 17:45:46,311 [INFO] root: Sync with 3x-ui: updated=0, deleted=0
2025-12-05 18:15:57,153 [INFO] root: Sync with 3x-ui: updated=0, deleted=0
2025-12-05 18:46:07,182 [INFO] root: Sync with 3x-ui: updated=0, deleted=0
2025-12-05 19:16:16,440 [INFO] root: Sync with 3x-ui: updated=0, deleted=0
2025-12-05 19:46:25,832 [INFO] root: Sync with 3x-ui: updated=0, deleted=0
2025-12-05 20:16:36,677 [INFO] root: Sync with 3x-ui: updated=0, deleted=0
2025-12-05 20:46:47,658 [INFO] root: Sync with 3x-ui: updated=0, deleted=0
2025-12-05 21:16:57,065 [INFO] root: Sync with 3x-ui: updated=0, deleted=0
2025-12-05 21:47:05,968 [INFO] root: Sync with 3x-ui: updated=0, deleted=0
2025-12-05 22:17:15,582 [INFO] root: Sync with 3x-ui: updated=0, deleted=0
2025-12-05 22:47:25,572 [INFO] root: Sync with 3x-ui: updated=0, deleted=0
2025-12-05 23:17:34,582 [INFO] root: Sync with 3x-ui: updated=0, deleted=0
2025-12-05 23:47:43,502 [INFO] root: Sync with 3x-ui: updated=0, deleted=0
2025-12-06 00:17:52,888 [INFO] root: Sync with 3x-ui: updated=0, deleted=0
2025-12-06 00:48:02,524 [INFO] root: Sync with 3x-ui: updated=0, deleted=0
2025-12-06 01:18:11,017 [INFO] root: Sync with 3x-ui: updated=0, deleted=0
2025-12-06 01:48:19,521 [INFO] root: Sync with 3x-ui: updated=0, deleted=0
2025-12-06 02:18:28,284 [INFO] root: Sync with 3x-ui: updated=0, deleted=0
2025-12-06 02:48:37,617 [INFO] root: Sync with 3x-ui: updated=0, deleted=0
2025-12-06 03:18:45,723 [INFO] root: Sync with 3x-ui: updated=0, deleted=0
2025-12-06 03:48:55,136 [INFO] root: Sync with 3x-ui: updated=0, deleted=0
2025-12-06 04:19:03,436 [INFO] root: Sync with 3x-ui: updated=0, deleted=0
2025-12-06 04:49:11,439 [INFO] root: Sync with 3x-ui: updated=0, deleted=0
2025-12-06 05:19:20,231 [INFO] root: Sync with 3x-ui: updated=0, deleted=0
2025-12-06 05:49:28,483 [INFO] root: Sync with 3x-ui: updated=0, deleted=0
2025-12-06 05:57:50,621 [ERROR] aiogram.dispatcher: Failed to fetch updates - TelegramNetworkError: HTTP Client says - Request timeout error
2025-12-06 05:57:50,622 [WARNING] aiogram.dispatcher: Sleep for 1.000000 seconds and try again... (tryings = 0, bot id = 7699898778)
2025-12-06 05:58:01,727 [INFO] aiogram.dispatcher: Connection established (tryings = 1, bot id = 7699898778)
2025-12-06 06:19:37,307 [INFO] root: Sync with 3x-ui: updated=0, deleted=2
2025-12-06 06:49:45,890 [INFO] root: Sync with 3x-ui: updated=0, deleted=0
2025-12-06 07:19:54,126 [INFO] root: Sync with 3x-ui: updated=0, deleted=0
2025-12-06 07:50:02,756 [INFO] root: Sync with 3x-ui: updated=0, deleted=0
2025-12-06 07:53:29,764 [INFO] aiogram.event: Update id=21246561 is handled. Duration 98 ms by bot id=7699898778
2025-12-06 07:54:16,898 [INFO] aiogram.event: Update id=21246562 is handled. Duration 575 ms by bot id=7699898778
2025-12-06 07:55:43,308 [INFO] aiogram.event: Update id=21246563 is handled. Duration 983 ms by bot id=7699898778
2025-12-06 07:55:58,059 [INFO] aiogram.event: Update id=21246564 is handled. Duration 949 ms by bot id=7699898778
2025-12-06 07:56:08,720 [INFO] aiogram.event: Update id=21246565 is handled. Duration 1190 ms by bot id=7699898778
2025-12-06 08:20:13,174 [INFO] root: Sync with 3x-ui: updated=0, deleted=0
2025-12-06 08:21:43,618 [ERROR] aiogram.dispatcher: Failed to fetch updates - TelegramNetworkError: HTTP Client says - Request timeout error
2025-12-06 08:21:43,619 [WARNING] aiogram.dispatcher: Sleep for 1.000000 seconds and try again... (tryings = 0, bot id = 7699898778)
2025-12-06 08:21:54,725 [INFO] aiogram.dispatcher: Connection established (tryings = 1, bot id = 7699898778)
2025-12-06 08:50:22,139 [INFO] root: Sync with 3x-ui: updated=0, deleted=0
2025-12-06 09:20:31,521 [INFO] root: Sync with 3x-ui: updated=0, deleted=0
2025-12-06 09:50:39,929 [INFO] root: Sync with 3x-ui: updated=0, deleted=0
2025-12-06 10:20:48,731 [INFO] root: Sync with 3x-ui: updated=0, deleted=0
2025-12-06 10:50:57,782 [INFO] root: Sync with 3x-ui: updated=0, deleted=0
2025-12-06 11:21:06,555 [INFO] root: Sync with 3x-ui: updated=0, deleted=0
2025-12-06 11:51:15,077 [INFO] root: Sync with 3x-ui: updated=0, deleted=0
2025-12-06 12:21:23,862 [INFO] root: Sync with 3x-ui: updated=0, deleted=0
2025-12-06 12:51:32,533 [INFO] root: Sync with 3x-ui: updated=0, deleted=0
